../Core/Src/software_test_platform_main.c:33:5:not_implemented	16	static
../Core/Src/software_test_platform_main.c:41:5:terminate	16	static
../Core/Src/software_test_platform_main.c:52:5:blink	16	static
../Core/Src/software_test_platform_main.c:67:5:motor	16	static
../Core/Src/software_test_platform_main.c:86:5:sensor	88	static
../Core/Src/software_test_platform_main.c:161:5:thrusters_cmd	16	static
../Core/Src/software_test_platform_main.c:168:5:init	8	static
../Core/Src/software_test_platform_main.c:222:5:sw_test_main	24	static
