C:/Users/robot/STM32Cube/Repository/STM32Cube_FW_F4_V1.28.1/Drivers/CMSIS/Include/core_cm4.h:1684:22:__NVIC_EnableIRQ	16	static,ignoring_inline_asm
../Core/Inc/Temp_Probe/temp_timer.c:17:6:GPIO_Init	40	static
../Core/Inc/Temp_Probe/temp_timer.c:29:6:TIM2_Init	4	static
../Core/Inc/Temp_Probe/temp_timer.c:38:6:calc_temp	32	static
../Core/Inc/Temp_Probe/temp_timer.c:55:6:switch_state	16	static
../Core/Inc/Temp_Probe/temp_timer.c:130:6:s_Reset	16	static
../Core/Inc/Temp_Probe/temp_timer.c:150:6:s_Write	24	static
../Core/Inc/Temp_Probe/temp_timer.c:175:6:s_Read	24	static
../Core/Inc/Temp_Probe/temp_timer.c:196:6:s_Convert	16	static
../Core/Inc/Temp_Probe/temp_timer.c:205:6:TIM2_IRQHandler	16	static
../Core/Inc/Temp_Probe/temp_timer.c:241:6:TempProbe_Init	8	static,ignoring_inline_asm
../Core/Inc/Temp_Probe/temp_timer.c:250:6:TempProbe_Start	8	static
../Core/Inc/Temp_Probe/temp_timer.c:254:6:TempProbe_Stop	8	static
../Core/Inc/Temp_Probe/temp_timer.c:258:22:TempProbe_GetConn	4	static
../Core/Inc/Temp_Probe/temp_timer.c:265:5:TempProbe_GetTemp	4	static
